test_app_identity_precedes_title (test_bridge.NiriBridgeTests.test_app_identity_precedes_title) ... ok
test_atomic_state_can_be_replaced (test_bridge.NiriBridgeTests.test_atomic_state_can_be_replaced) ... ok
test_invalid_arguments_fail_before_contacting_the_compositor (test_bridge.NiriBridgeTests.test_invalid_arguments_fail_before_contacting_the_compositor) ... ok
test_invalid_theme_keeps_the_previous_generated_file (test_bridge.NiriBridgeTests.test_invalid_theme_keeps_the_previous_generated_file) ... ok
test_ipc_request_and_error_contract (test_bridge.NiriBridgeTests.test_ipc_request_and_error_contract) ... ok
test_lock_intent_is_scoped_to_the_compositor_socket (test_bridge.NiriBridgeTests.test_lock_intent_is_scoped_to_the_compositor_socket) ... ok
test_monitor_state_survives_a_stalled_brightness_probe (test_bridge.NiriBridgeTests.test_monitor_state_survives_a_stalled_brightness_probe) ... ok
test_enabled_action_rejects_unknown_value (test_desktop.DesktopContracts.test_enabled_action_rejects_unknown_value) ... ok
test_enabled_action_uses_current_state (test_desktop.DesktopContracts.test_enabled_action_uses_current_state) ... ok
test_input_toggle_requires_a_detected_device (test_desktop.DesktopContracts.test_input_toggle_requires_a_detected_device) ... ok
test_scale_rejects_missing_focused_output (test_desktop.DesktopContracts.test_scale_rejects_missing_focused_output) ... ok
test_scale_rejects_out_of_range_value_before_persisting (test_desktop.DesktopContracts.test_scale_rejects_out_of_range_value_before_persisting) ... ok
test_set_output_persists_a_toggle_without_touching_ipc (test_desktop.DesktopContracts.test_set_output_persists_a_toggle_without_touching_ipc) ... ok
test_set_output_refuses_disabling_last_logical_output (test_desktop.DesktopContracts.test_set_output_refuses_disabling_last_logical_output) ... ok
test_set_output_rejects_unknown_output (test_desktop.DesktopContracts.test_set_output_rejects_unknown_output) ... ok
test_window_width_rejects_unknown_mode (test_desktop.DesktopContracts.test_window_width_rejects_unknown_mode) ... ok
test_damaged_payload_is_rejected (test_installer.InstallerTests.test_damaged_payload_is_rejected) ... ok
test_nonmatching_base_is_rejected (test_installer.InstallerTests.test_nonmatching_base_is_rejected) ... ok
test_recover_committed_refresh_keeps_new_publication (test_installer.InstallerTests.test_recover_committed_refresh_keeps_new_publication) ... ok
test_recover_interrupted_refresh_restores_prepublication_state (test_installer.InstallerTests.test_recover_interrupted_refresh_restores_prepublication_state) ... ok
test_refresh_prefix_publish_failure_restores_runtime_and_pointer (test_installer.InstallerTests.test_refresh_prefix_publish_failure_restores_runtime_and_pointer) ... ok
test_refresh_state_write_failure_restores_old_pointer (test_installer.InstallerTests.test_refresh_state_write_failure_restores_old_pointer) ... ok
test_restore_preflights_conflicts_without_partial_restore (test_installer.InstallerTests.test_restore_preflights_conflicts_without_partial_restore) ... ok
test_uninstall_archives_subsequent_edit_and_restores_original (test_installer.InstallerTests.test_uninstall_archives_subsequent_edit_and_restores_original) ... ok
test_uninstall_without_install_marker_cannot_remove_prefix (test_installer.InstallerTests.test_uninstall_without_install_marker_cannot_remove_prefix) ... ok

----------------------------------------------------------------------
Ran 25 tests in 0.077s

OK
Original session restored. Reboot. Packages retained; backups and subsequent edits saved at /var/folders/4d/9sx7h50d3dzdz0mp_gyrv95w0000gn/T/omarchy-niri-installer-test-g04upfwa/omarchy-niri-uninstalled-1789120418651156000
PASS: 11 Niri event model assertions
PASS: 87 payload hashes, file inventory and Bash syntax
